---
source: crates/reviewq-core/tests/reason_rendering.rs
expression: "rendered.join(\"\\n\")"
---
mention              @potiuk mentioned you
thread_reply         @uranusjr replied in a thread you own
thread_reply         @uranusjr replied in 3 threads you own
resolved_unanswered  @kaxil resolved your thread without replying
resolved_unanswered  @kaxil resolved 2 of your threads without replying
re_review            1 new commit since your review of abc123f
re_review            3 new commits since your review of abc123f
review_requested     review requested
review_requested     review requested via @apache/airflow-committers
needs_first_look     matches label area:task-sdk
needs_first_look     matches path task-sdk/**
needs_first_look     matches author FIRST_TIME_CONTRIBUTOR
needs_first_look     matches milestone 3.2
