---
source: crates/reviewq-tui/src/ui.rs
expression: shown
---
reviewq  1 on the queue
╭ Queue ────────────────────────────────╮╭ #1 ───────────────────────────────────────────╮
│ ▸ #1  @kaxil mentioned you  No body y ││ No body yet                                   │
│                                       ││ OPEN · @potiuk · interest: label area:async   │
│                                       ││ updated 2026-08-10T09:00:00Z · → main         │
│                                       ││                                               │
│                                       ││ Attention                                     │
│                                       ││   p1  @kaxil mentioned you                    │
│                                       ││                                               │
│                                       ││                                               │
│                                       ││                                               │
│                                       ││                                               │
│                                       ││                                               │
│                                       ││                                               │
╰───────────────────────────────────────╯╰───────────────────────────────────────────────╯
jk move   ⏎ review   d done   z snooze   ? / h keys   q / Esc quit
