---
source: crates/reviewq-tui/src/ui.rs
expression: shown
---
reviewq  2 on the queue
╭ Queue ────────────────────────────────────╮╭ #70135 ─────────────────────────────────────────────╮
│ ▸ #70135  @kaxil mentioned you  Add defer ││ Add deferrable mode to S3KeySensor                  │
│   #70201  matches label area:async  Tidy  ││ OPEN · @potiuk · interest: label area:async         │
│                                           ││ updated 2026-08-10T09:00:00Z · → main               │
│                                           ││                                                     │
│                                           ││ Attention                                           │
│                                           ││   p1  @kaxil mentioned you                          │
│                                           ││                                                     │
│                                           ││ Description                                         │
│                                           ││ ## What this does                                   │
│                                           ││                                                     │
│                                           ││ Adds a deferrable flag to S3KeySensor.              │
│                                           ││                                                     │
│                                           ││ - [x] Tests added                                   │
│                                           ││ - [ ] Docs updated                                  │
│                                           ││                                                     │
│                                           ││ ```python                                           │
│                                           ││ sensor = S3KeySensor(deferrable=True)               │
│                                           ││ ```                                                 │
│                                           ││                                                     │
│                                           ││                                                     │
│                                           ││                                                     │
│                                           ││                                                     │
│                                           ││                                                     │
│                                           ││                                                     │
│                                           ││                                                     │
│                                           ││                                                     │
╰───────────────────────────────────────────╯╰─────────────────────────────────────────────────────╯
jk move   ⏎ review   d done   z snooze   ? / h keys   q / Esc quit
