---
source: crates/reviewq-tui/src/ui.rs
expression: screen
---
reviewq  2 on the queue
╭ Queue ────────────────────────────────────╮╭ #70135 ─────────────────────────────────────────────╮
│ ▸ #70135  @kaxil ╭ Keys ─────────────────────────────────────────────────────╮r                  │
│   #70201  matches│ Navigate                                                  │area:async         │
│                  │   ↑↓ / jk     move                                        │main               │
│                  │   PgDn / ^D   page down                                   │                   │
│                  │   PgUp / ^U   page up                                     │                   │
│                  │   g / Home    first                                       │                   │
│                  │   G / End     last                                        │                   │
│                  │   :           go to a PR by number                        │                   │
│                  │                                                           │                   │
│                  │ View                                                      │                   │
│                  │   Tab         switch pane                                 │nsor.              │
│                  │   t           adapt for a light or dark terminal          │                   │
│                  │                                                           │                   │
│                  │ Act on the PR                                             │                   │
│                  │   ⏎           review it — hand off to your review command │                   │
│                  │   d           done — handled at this head                 │                   │
│                  │   z           snooze for a while                          │rue)               │
│                  │   o           open it in your browser                     │                   │
│                  │   c / y       copy its URL                                │                   │
│                  │   m           mute, or unmute                             │                   │
│                  │   f           defer to the bottom, or restore             │                   │
│                  │                                                           │                   │
│                  │ Forge                                                     │                   │
│                  │   r           refresh from the forge                      │                   │
│                  │                                                           │                   │
│                  │ Session                                                   │                   │
│                  │   ? / h       keys                                        │                   │
│                  │   q / Esc     quit                                        │                   │
│                  │                                                           │                   │
│                  │ Mouse                                                     │                   │
│                  │   click       select the row, or focus the pane           │                   │
│                  │   wheel       scroll what is under the pointer            │                   │
│                  │                                                           │                   │
│                  │   ↑↓ scroll   any other key close                         │                   │
│                  ╰───────────────────────────────────────────────────────────╯                   │
│                                           ││                                                     │
╰───────────────────────────────────────────╯╰─────────────────────────────────────────────────────╯
jk move   ⏎ review   d done   z snooze   ? / h keys   q / Esc quit
