---
source: crates/reviewq-tui/src/ui.rs
expression: shown
---
reviewq  1 on the queue
╭ Queue ────────────────────────────────────╮╭ #70135 ─────────────────────────────────────────────╮
│ ▸   #70135  @kaxil mentioned you area:asy ││ Stored before the branch was captured               │
│                                           ││ OPEN · @potiuk · interest: label x                  │
│                                           ││ updated 2026-08-10T09:00:00Z                        │
│                                           ││ area:async                                          │
│                                           ││                                                     │
│                                           ││ You                                                 │
│                                           ││   you have not looked at it yet                     │
│                                           ││                                                     │
│                                           ││ Attention                                           │
│                                           ││   p1  @kaxil mentioned you                          │
│                                           ││                                                     │
│                                           ││                                                     │
│                                           ││                                                     │
│                                           ││                                                     │
│                                           ││                                                     │
│                                           ││                                                     │
│                                           ││                                                     │
│                                           ││                                                     │
╰───────────────────────────────────────────╯╰─────────────────────────────────────────────────────╯
jk move   ⏎ review   d done   z snooze   ? / h keys   q / Esc quit
