---
source: crates/reviewq-tui/src/ui.rs
expression: screen
---
reviewq  2 on the queue
╭ Queue ────────────────────────────────────╮╭ #70135 ─────────────────────────────────────────────╮
│ ▸   #70135  @kaxi╭ Reference ────────────────────────────────────────────────╮r                  │
│     #70201  match│ Marks                                                     │area:async         │
│                  │   ✓           you reviewed it on the forge                │main               │
│                  │   ✓           …and the PR has moved on since              │                   │
│                  │   ·           you marked it done here                     │                   │
│                  │   ·           …and the PR has moved on since              │                   │
│                  │   󰒲           you deferred it to the bottom               │                   │
│                  │                                                           │                   │
│                  │ Navigate                                                  │                   │
│                  │   ↑↓ / jk     move                                        │                   │
│                  │   PgDn / ^D   page down                                   │                   │
│                  │   PgUp / ^U   page up                                     │                   │
│                  │   g / Home    first                                       │                   │
│                  │   G / End     last                                        │nsor.              │
│                  │   :           go to a PR by number                        │                   │
│                  │                                                           │                   │
│                  │ View                                                      │                   │
│                  │   Tab         switch pane                                 │                   │
│                  │   t           adapt for a light or dark terminal          │                   │
│                  │   W           show what waits on someone else, or go back │rue)               │
│                  │   M           show what you have muted, or go back        │                   │
│                  │                                                           │                   │
│                  │ Act on the PR                                             │                   │
│                  │   ⏎           review it — hand off to your review command │                   │
│                  │   d           done — handled at this head                 │                   │
│                  │   z           snooze for a while                          │                   │
│                  │   o           open it in your browser                     │                   │
│                  │   c / y       copy its URL                                │                   │
│                  │   m           mute, or unmute                             │                   │
│                  │   f           defer to the bottom, or restore             │                   │
│                  │                                                           │                   │
│                  │ Forge                                                     │                   │
│                  │   r           refresh from the forge                      │                   │
│                  │                                                           │                   │
│                  │ Session                                                   │                   │
│                  │   ? / h       keys                                        │                   │
│                  │   q / Esc     quit                                        │                   │
│                  │                                                           │                   │
│                  │ Mouse                                                     │                   │
│                  │   click       select the row, or focus the pane           │                   │
│                  │   wheel       scroll what is under the pointer            │                   │
│                  ╰ ↑↓ scroll   any other key close ──────────────────────────╯                   │
╰───────────────────────────────────────────╯╰─────────────────────────────────────────────────────╯
jk move   ⏎ review   d done   z snooze   ? / h keys   q / Esc quit
